../Drivers/0/BMI088.c:44:13:BMI088_accel_read_muli_reg	24	static
../Drivers/0/BMI088.c:59:13:BMI088_Delay	16	static
../Drivers/0/BMI088.c:71:16:BMI088_SPIReadSend	32	static
../Drivers/0/BMI088.c:85:16:BMI088_Read_GYRO	32	static
../Drivers/0/BMI088.c:108:16:BMI088_Read_ACC	32	static
../Drivers/0/BMI088.c:134:13:BMI088_Write_Reg	16	static
../Drivers/0/BMI088.c:170:16:BMI088_ACC_Congfig	16	static
../Drivers/0/BMI088.c:258:16:BMI088_GYRO_Congfig	16	static
../Drivers/0/BMI088.c:343:13:BMI088_ACCEL_NS_H	8	static
../Drivers/0/BMI088.c:357:13:BMI088_ACCEL_NS_L	8	static
../Drivers/0/BMI088.c:369:16:BMI088_read_write_byte	32	static
../Drivers/0/BMI088.c:383:13:BMI088_read_muli_reg	24	static
../Drivers/0/BMI088.c:402:9:BMI088_FLOAT_ACC_GYRO_Init	16	static
../Drivers/0/BMI088.c:419:6:BMI088_Read_TMP	24	static
../Drivers/0/BMI088.c:443:7:HAL_GPIO_EXTI_Callback	16	static
../Drivers/0/BMI088.c:538:6:BMI088_Read_Gyro_Data	16	static
../Drivers/0/BMI088.c:561:6:BMI088_Read_Acc_Data	16	static
../Drivers/0/BMI088.c:584:6:BMI088_Read_Tmp_Data	16	static
../Drivers/0/BMI088.c:602:6:IMU_Read	24	static
