../Drivers/BMI088/BMI088.c:67:13:BMI088_accel_read_muli_reg	24	static
../Drivers/BMI088/BMI088.c:82:13:BMI088_Delay	16	static
../Drivers/BMI088/BMI088.c:94:16:BMI088_SPIReadSend	32	static
../Drivers/BMI088/BMI088.c:108:16:BMI088_Read_GYRO	32	static
../Drivers/BMI088/BMI088.c:131:16:BMI088_Read_ACC	32	static
../Drivers/BMI088/BMI088.c:157:13:BMI088_Write_Reg	16	static
../Drivers/BMI088/BMI088.c:193:16:BMI088_ACC_Congfig	16	static
../Drivers/BMI088/BMI088.c:280:16:BMI088_GYRO_Congfig	16	static
../Drivers/BMI088/BMI088.c:365:13:BMI088_ACCEL_NS_H	8	static
../Drivers/BMI088/BMI088.c:379:13:BMI088_ACCEL_NS_L	8	static
../Drivers/BMI088/BMI088.c:391:16:BMI088_read_write_byte	32	static
../Drivers/BMI088/BMI088.c:405:13:BMI088_read_muli_reg	24	static
../Drivers/BMI088/BMI088.c:424:9:BMI088_FLOAT_ACC_GYRO_Init	24	static
../Drivers/BMI088/BMI088.c:446:6:BMI088_Read_TMP	24	static
../Drivers/BMI088/BMI088.c:470:6:HAL_GPIO_EXTI_Callback	16	static
../Drivers/BMI088/BMI088.c:563:6:BMI088_Read_Gyro_Data	16	static
../Drivers/BMI088/BMI088.c:585:6:BMI088_Read_Acc_Data	16	static
../Drivers/BMI088/BMI088.c:607:6:BMI088_Read_Tmp_Data	16	static
../Drivers/BMI088/BMI088.c:624:6:IMU_Read	32	static
