../Drivers/flight_control/position_estimator.c:30:20:matrix6_add	32	static
../Drivers/flight_control/position_estimator.c:49:20:matrix6_multiply	40	static
../Drivers/flight_control/position_estimator.c:63:20:matrix6_transpose	24	static
../Drivers/flight_control/position_estimator.c:72:20:rotate_body_to_ned	56	static
../Drivers/flight_control/position_estimator.c:87:6:pos_est_predict	752	static
../Drivers/flight_control/position_estimator.c:160:6:pos_est_fuse_baro	24	static
../Drivers/flight_control/position_estimator.c:180:6:pos_est_fuse_sonar	72	static
../Drivers/flight_control/position_estimator.c:327:6:pos_est_fuse_flow	248	static
../Drivers/flight_control/position_estimator.c:403:6:get_accel	24	static
../Drivers/flight_control/position_estimator.c:409:6:get_gyro	24	static
../Drivers/flight_control/position_estimator.c:415:6:get_baro_alt	16	static
../Drivers/flight_control/position_estimator.c:419:6:get_sonar_alt	16	static
../Drivers/flight_control/position_estimator.c:423:6:get_flow_vel	48	static
